[www.resimag.com/index.html]
[backblue.gif]
[fade.gif]
[index.html]
[www.resimag.com/css/main.1.delayed]
[www.resimag.com/css/main_rsp.css]
[www.resimag.com/css/bootstrap.css]
[www.resimag.com/css/jquery.fileupload.css]
[ajax.googleapis.com/ajax/libs/jquery/1.11.3/jquery.min.js]
[www.resimag.com/js/jquery.ui.widget.js]
[www.resimag.com/js/jquery.iframe-transport.js]
[www.resimag.com/js/jquery.fileupload.js]
[netdna.bootstrapcdn.com/bootstrap/3.2.0/js/bootstrap.min.js]
[www.resimag.com/js/main.js]
[www.resimag.com/images/resimag.png]
[www.w3.org/1999/xhtml/index.html]
[pagead2.googlesyndication.com/pagead/js/f.txt]
[www.google-analytics.com/analytics.js]
[www.resimag.com/index.html]
[www.resimag.com/kotuye-kullanim/index.html]
[www.w3.org/1999/xhtml/index.html]
[www.resimag.com/yardim/index.html]
[www.resimag.com/css/main.css]
[www.resimag.com/css/main_rsp.css]
[www.resimag.com/css/bootstrap.css]
[www.resimag.com/css/jquery.fileupload.css]
[www.resimag.com/iletisim/index.html]
[www.resimag.com/kotuye-kullanim/index.html]
[www.resimag.com/yardim/index.html]
[www.resimag.com/iletisim/index.html]
